Archive member included to satisfy reference by file (symbol)

c:/st/stm32cubeide_1.4.0/stm32cubeide/plugins/com.st.stm32cube.ide.mcu.externaltools.gnu-tools-for-stm32.7-2018-q2-update.win32_1.4.0.202007081208/tools/bin/../lib/gcc/arm-none-eabi/7.3.1/../../../../arm-none-eabi/lib/thumb/v7-m\libc_nano.a(lib_a-errno.o)
                              Src/syscalls.o (__errno)
c:/st/stm32cubeide_1.4.0/stm32cubeide/plugins/com.st.stm32cube.ide.mcu.externaltools.gnu-tools-for-stm32.7-2018-q2-update.win32_1.4.0.202007081208/tools/bin/../lib/gcc/arm-none-eabi/7.3.1/../../../../arm-none-eabi/lib/thumb/v7-m\libc_nano.a(lib_a-exit.o)
                              c:/st/stm32cubeide_1.4.0/stm32cubeide/plugins/com.st.stm32cube.ide.mcu.externaltools.gnu-tools-for-stm32.7-2018-q2-update.win32_1.4.0.202007081208/tools/bin/../lib/gcc/arm-none-eabi/7.3.1/../../../../arm-none-eabi/lib/thumb/v7-m/crt0.o (exit)
c:/st/stm32cubeide_1.4.0/stm32cubeide/plugins/com.st.stm32cube.ide.mcu.externaltools.gnu-tools-for-stm32.7-2018-q2-update.win32_1.4.0.202007081208/tools/bin/../lib/gcc/arm-none-eabi/7.3.1/../../../../arm-none-eabi/lib/thumb/v7-m\libc_nano.a(lib_a-impure.o)
                              c:/st/stm32cubeide_1.4.0/stm32cubeide/plugins/com.st.stm32cube.ide.mcu.externaltools.gnu-tools-for-stm32.7-2018-q2-update.win32_1.4.0.202007081208/tools/bin/../lib/gcc/arm-none-eabi/7.3.1/../../../../arm-none-eabi/lib/thumb/v7-m\libc_nano.a(lib_a-exit.o) (_global_impure_ptr)
c:/st/stm32cubeide_1.4.0/stm32cubeide/plugins/com.st.stm32cube.ide.mcu.externaltools.gnu-tools-for-stm32.7-2018-q2-update.win32_1.4.0.202007081208/tools/bin/../lib/gcc/arm-none-eabi/7.3.1/../../../../arm-none-eabi/lib/thumb/v7-m\libc_nano.a(lib_a-init.o)
                              c:/st/stm32cubeide_1.4.0/stm32cubeide/plugins/com.st.stm32cube.ide.mcu.externaltools.gnu-tools-for-stm32.7-2018-q2-update.win32_1.4.0.202007081208/tools/bin/../lib/gcc/arm-none-eabi/7.3.1/../../../../arm-none-eabi/lib/thumb/v7-m/crt0.o (__libc_init_array)
c:/st/stm32cubeide_1.4.0/stm32cubeide/plugins/com.st.stm32cube.ide.mcu.externaltools.gnu-tools-for-stm32.7-2018-q2-update.win32_1.4.0.202007081208/tools/bin/../lib/gcc/arm-none-eabi/7.3.1/../../../../arm-none-eabi/lib/thumb/v7-m\libc_nano.a(lib_a-memcpy-stub.o)
                              FreeRTOS/queue.o (memcpy)
c:/st/stm32cubeide_1.4.0/stm32cubeide/plugins/com.st.stm32cube.ide.mcu.externaltools.gnu-tools-for-stm32.7-2018-q2-update.win32_1.4.0.202007081208/tools/bin/../lib/gcc/arm-none-eabi/7.3.1/../../../../arm-none-eabi/lib/thumb/v7-m\libc_nano.a(lib_a-memset.o)
                              c:/st/stm32cubeide_1.4.0/stm32cubeide/plugins/com.st.stm32cube.ide.mcu.externaltools.gnu-tools-for-stm32.7-2018-q2-update.win32_1.4.0.202007081208/tools/bin/../lib/gcc/arm-none-eabi/7.3.1/../../../../arm-none-eabi/lib/thumb/v7-m/crt0.o (memset)

Allocating common symbols
Common symbol       size              file

Global_UART_Config  0x3c              STM32f103_Drivers/STM32F103C6_USART_DRIVERS.o
GP_IRQ_CALLBACK     0x3c              STM32f103_Drivers/EXTI_DRIVER.o

Discarded input sections

 .text          0x0000000000000000        0x0 c:/st/stm32cubeide_1.4.0/stm32cubeide/plugins/com.st.stm32cube.ide.mcu.externaltools.gnu-tools-for-stm32.7-2018-q2-update.win32_1.4.0.202007081208/tools/bin/../lib/gcc/arm-none-eabi/7.3.1/thumb/v7-m/crti.o
 .data          0x0000000000000000        0x0 c:/st/stm32cubeide_1.4.0/stm32cubeide/plugins/com.st.stm32cube.ide.mcu.externaltools.gnu-tools-for-stm32.7-2018-q2-update.win32_1.4.0.202007081208/tools/bin/../lib/gcc/arm-none-eabi/7.3.1/thumb/v7-m/crti.o
 .bss           0x0000000000000000        0x0 c:/st/stm32cubeide_1.4.0/stm32cubeide/plugins/com.st.stm32cube.ide.mcu.externaltools.gnu-tools-for-stm32.7-2018-q2-update.win32_1.4.0.202007081208/tools/bin/../lib/gcc/arm-none-eabi/7.3.1/thumb/v7-m/crti.o
 .data          0x0000000000000000        0x4 c:/st/stm32cubeide_1.4.0/stm32cubeide/plugins/com.st.stm32cube.ide.mcu.externaltools.gnu-tools-for-stm32.7-2018-q2-update.win32_1.4.0.202007081208/tools/bin/../lib/gcc/arm-none-eabi/7.3.1/thumb/v7-m/crtbegin.o
 .text          0x0000000000000000       0x74 c:/st/stm32cubeide_1.4.0/stm32cubeide/plugins/com.st.stm32cube.ide.mcu.externaltools.gnu-tools-for-stm32.7-2018-q2-update.win32_1.4.0.202007081208/tools/bin/../lib/gcc/arm-none-eabi/7.3.1/../../../../arm-none-eabi/lib/thumb/v7-m/crt0.o
 .data          0x0000000000000000        0x0 c:/st/stm32cubeide_1.4.0/stm32cubeide/plugins/com.st.stm32cube.ide.mcu.externaltools.gnu-tools-for-stm32.7-2018-q2-update.win32_1.4.0.202007081208/tools/bin/../lib/gcc/arm-none-eabi/7.3.1/../../../../arm-none-eabi/lib/thumb/v7-m/crt0.o
 .bss           0x0000000000000000        0x0 c:/st/stm32cubeide_1.4.0/stm32cubeide/plugins/com.st.stm32cube.ide.mcu.externaltools.gnu-tools-for-stm32.7-2018-q2-update.win32_1.4.0.202007081208/tools/bin/../lib/gcc/arm-none-eabi/7.3.1/../../../../arm-none-eabi/lib/thumb/v7-m/crt0.o
[...]
Memory Configuration

Name             Origin             Length             Attributes
RAM              0x0000000020000000 0x0000000000002800 xrw
ROM              0x0000000008000000 0x0000000000008000 xr
*default*        0x0000000000000000 0xffffffffffffffff

Linker script and memory map

LOAD c:/st/stm32cubeide_1.4.0/stm32cubeide/plugins/com.st.stm32cube.ide.mcu.externaltools.gnu-tools-for-stm32.7-2018-q2-update.win32_1.4.0.202007081208/tools/bin/../lib/gcc/arm-none-eabi/7.3.1/thumb/v7-m/crti.o
LOAD c:/st/stm32cubeide_1.4.0/stm32cubeide/plugins/com.st.stm32cube.ide.mcu.externaltools.gnu-tools-for-stm32.7-2018-q2-update.win32_1.4.0.202007081208/tools/bin/../lib/gcc/arm-none-eabi/7.3.1/thumb/v7-m/crtbegin.o
LOAD c:/st/stm32cubeide_1.4.0/stm32cubeide/plugins/com.st.stm32cube.ide.mcu.externaltools.gnu-tools-for-stm32.7-2018-q2-update.win32_1.4.0.202007081208/tools/bin/../lib/gcc/arm-none-eabi/7.3.1/../../../../arm-none-eabi/lib/thumb/v7-m/crt0.o
LOAD FreeRTOS/croutine.o
LOAD FreeRTOS/event_groups.o
LOAD FreeRTOS/list.o
LOAD FreeRTOS/queue.o
LOAD FreeRTOS/stream_buffer.o
LOAD FreeRTOS/tasks.o
LOAD FreeRTOS/timers.o
LOAD FreeRTOS/portable/GCC/ARM_CM3/port.o
LOAD FreeRTOS/portable/MemMang/heap_4.o
LOAD STM32f103_Drivers/EXTI_DRIVER.o
LOAD STM32f103_Drivers/STM32F103C6_USART_DRIVERS.o
LOAD STM32f103_Drivers/STM32_F103C6_GPIO_DRIVERS.o
LOAD STM32f103_Drivers/STM32_F103C6_RCC_DRIVERS.o
LOAD STM32f103_Drivers/Timer.o
LOAD Src/main.o
LOAD Src/syscalls.o
LOAD Src/sysmem.o
LOAD Startup/startup_stm32f103c6tx.o
START GROUP
LOAD c:/st/stm32cubeide_1.4.0/stm32cubeide/plugins/com.st.stm32cube.ide.mcu.externaltools.gnu-tools-for-stm32.7-2018-q2-update.win32_1.4.0.202007081208/tools/bin/../lib/gcc/arm-none-eabi/7.3.1/../../../../arm-none-eabi/lib/thumb/v7-m\libc_nano.a
LOAD c:/st/stm32cubeide_1.4.0/stm32cubeide/plugins/com.st.stm32cube.ide.mcu.externaltools.gnu-tools-for-stm32.7-2018-q2-update.win32_1.4.0.202007081208/tools/bin/../lib/gcc/arm-none-eabi/7.3.1/../../../../arm-none-eabi/lib/thumb/v7-m\libm.a
END GROUP
START GROUP
LOAD c:/st/stm32cubeide_1.4.0/stm32cubeide/plugins/com.st.stm32cube.ide.mcu.externaltools.gnu-tools-for-stm32.7-2018-q2-update.win32_1.4.0.202007081208/tools/bin/../lib/gcc/arm-none-eabi/7.3.1/thumb/v7-m\libgcc.a
LOAD c:/st/stm32cubeide_1.4.0/stm32cubeide/plugins/com.st.stm32cube.ide.mcu.externaltools.gnu-tools-for-stm32.7-2018-q2-update.win32_1.4.0.202007081208/tools/bin/../lib/gcc/arm-none-eabi/7.3.1/../../../../arm-none-eabi/lib/thumb/v7-m\libc_nano.a
END GROUP
START GROUP
LOAD c:/st/stm32cubeide_1.4.0/stm32cubeide/plugins/com.st.stm32cube.ide.mcu.externaltools.gnu-tools-for-stm32.7-2018-q2-update.win32_1.4.0.202007081208/tools/bin/../lib/gcc/arm-none-eabi/7.3.1/thumb/v7-m\libgcc.a
LOAD c:/st/stm32cubeide_1.4.0/stm32cubeide/plugins/com.st.stm32cube.ide.mcu.externaltools.gnu-tools-for-stm32.7-2018-q2-update.win32_1.4.0.202007081208/tools/bin/../lib/gcc/arm-none-eabi/7.3.1/../../../../arm-none-eabi/lib/thumb/v7-m\libc_nano.a
LOAD c:/st/stm32cubeide_1.4.0/stm32cubeide/plugins/com.st.stm32cube.ide.mcu.externaltools.gnu-tools-for-stm32.7-2018-q2-update.win32_1.4.0.202007081208/tools/bin/../lib/gcc/arm-none-eabi/7.3.1/../../../../arm-none-eabi/lib/thumb/v7-m\libnosys.a
END GROUP
START GROUP
LOAD c:/st/stm32cubeide_1.4.0/stm32cubeide/plugins/com.st.stm32cube.ide.mcu.externaltools.gnu-tools-for-stm32.7-2018-q2-update.win32_1.4.0.202007081208/tools/bin/../lib/gcc/arm-none-eabi/7.3.1/thumb/v7-m\libgcc.a
LOAD c:/st/stm32cubeide_1.4.0/stm32cubeide/plugins/com.st.stm32cube.ide.mcu.externaltools.gnu-tools-for-stm32.7-2018-q2-update.win32_1.4.0.202007081208/tools/bin/../lib/gcc/arm-none-eabi/7.3.1/../../../../arm-none-eabi/lib/thumb/v7-m\libc_nano.a
LOAD c:/st/stm32cubeide_1.4.0/stm32cubeide/plugins/com.st.stm32cube.ide.mcu.externaltools.gnu-tools-for-stm32.7-2018-q2-update.win32_1.4.0.202007081208/tools/bin/../lib/gcc/arm-none-eabi/7.3.1/../../../../arm-none-eabi/lib/thumb/v7-m\libnosys.a
END GROUP
LOAD c:/st/stm32cubeide_1.4.0/stm32cubeide/plugins/com.st.stm32cube.ide.mcu.externaltools.gnu-tools-for-stm32.7-2018-q2-update.win32_1.4.0.202007081208/tools/bin/../lib/gcc/arm-none-eabi/7.3.1/thumb/v7-m/crtend.o
LOAD c:/st/stm32cubeide_1.4.0/stm32cubeide/plugins/com.st.stm32cube.ide.mcu.externaltools.gnu-tools-for-stm32.7-2018-q2-update.win32_1.4.0.202007081208/tools/bin/../lib/gcc/arm-none-eabi/7.3.1/thumb/v7-m/crtn.o
                0x0000000020002800                _estack = (ORIGIN (RAM) + LENGTH (RAM))
                0x0000000000000200                _Min_Heap_Size = 0x200
                0x0000000000000400                _Min_Stack_Size = 0x400

.isr_vector     0x0000000008000000      0x130
                0x0000000008000000                . = ALIGN (0x4)
 *(.isr_vector)
 .isr_vector    0x0000000008000000      0x130 Startup/startup_stm32f103c6tx.o
                0x0000000008000000                g_pfnVectors
                0x0000000008000130                . = ALIGN (0x4)

.text           0x0000000008000130     0x1630
                0x0000000008000130                . = ALIGN (0x4)
 *(.text)
 .text          0x0000000008000130       0x40 c:/st/stm32cubeide_1.4.0/stm32cubeide/plugins/com.st.stm32cube.ide.mcu.externaltools.gnu-tools-for-stm32.7-2018-q2-update.win32_1.4.0.202007081208/tools/bin/../lib/gcc/arm-none-eabi/7.3.1/thumb/v7-m/crtbegin.o
 *(.text*)
 .text.vListInitialise
                0x0000000008000170       0x3e FreeRTOS/list.o
                0x0000000008000170                vListInitialise
 .text.vListInitialiseItem
                0x00000000080001ae       0x18 FreeRTOS/list.o
                0x00000000080001ae                vListInitialiseItem
 .text.vListInsert
                0x00000000080001c6       0x70 FreeRTOS/list.o
                0x00000000080001c6                vListInsert
 .text.uxListRemove
                0x0000000008000236       0x52 FreeRTOS/list.o
                0x0000000008000236                uxListRemove
 .text.xTaskCreate
                0x0000000008000288       0x82 FreeRTOS/tasks.o
                0x0000000008000288                xTaskCreate
 .text.prvInitialiseNewTask
                0x000000000800030a       0xf0 FreeRTOS/tasks.o
 *fill*         0x00000000080003fa        0x2 
 .text.prvAddNewTaskToReadyList
                0x00000000080003fc      0x124 FreeRTOS/tasks.o
 .text.vTaskDelay
                0x0000000008000520       0x48 FreeRTOS/tasks.o
                0x0000000008000520                vTaskDelay
 .text.vTaskStartScheduler
                0x0000000008000568       0x74 FreeRTOS/tasks.o
                0x0000000008000568                vTaskStartScheduler
 .text.vTaskSuspendAll
                0x00000000080005dc       0x1c FreeRTOS/tasks.o
                0x00000000080005dc                vTaskSuspendAll
 .text.xTaskResumeAll
                0x00000000080005f8      0x1d8 FreeRTOS/tasks.o
                0x00000000080005f8                xTaskResumeAll
 .text.xTaskIncrementTick
                0x00000000080007d0      0x20c FreeRTOS/tasks.o
                0x00000000080007d0                xTaskIncrementTick
 .text.vTaskSwitchContext
                0x00000000080009dc       0x8c FreeRTOS/tasks.o
                0x00000000080009dc                vTaskSwitchContext
 .text.prvIdleTask
                0x0000000008000a68       0x30 FreeRTOS/tasks.o
 .text.prvInitialiseTaskLists
                0x0000000008000a98       0x80 FreeRTOS/tasks.o
 .text.prvCheckTasksWaitingTermination
                0x0000000008000b18       0x58 FreeRTOS/tasks.o
 .text.prvDeleteTCB
                0x0000000008000b70       0x20 FreeRTOS/tasks.o
 .text.prvResetNextTaskUnblockTime
                0x0000000008000b90       0x34 FreeRTOS/tasks.o
 .text.prvAddCurrentTaskToDelayedList
                0x0000000008000bc4      0x100 FreeRTOS/tasks.o
 .text.pxPortInitialiseStack
                0x0000000008000cc4       0x58 FreeRTOS/portable/GCC/ARM_CM3/port.o
                0x0000000008000cc4                pxPortInitialiseStack
 .text.prvTaskExitError
                0x0000000008000d1c       0x2e FreeRTOS/portable/GCC/ARM_CM3/port.o
 *fill*         0x0000000008000d4a        0x6 
 .text.SVC_Handler
                0x0000000008000d50       0x28 FreeRTOS/portable/GCC/ARM_CM3/port.o
                0x0000000008000d50                SVC_Handler
 .text.prvPortStartFirstTask
                0x0000000008000d78       0x24 FreeRTOS/portable/GCC/ARM_CM3/port.o
 .text.xPortStartScheduler
                0x0000000008000d9c       0x40 FreeRTOS/portable/GCC/ARM_CM3/port.o
                0x0000000008000d9c                xPortStartScheduler
 .text.vPortEnterCritical
                0x0000000008000ddc       0x30 FreeRTOS/portable/GCC/ARM_CM3/port.o
                0x0000000008000ddc                vPortEnterCritical
 .text.vPortExitCritical
                0x0000000008000e0c       0x30 FreeRTOS/portable/GCC/ARM_CM3/port.o
                0x0000000008000e0c                vPortExitCritical
 *fill*         0x0000000008000e3c        0x4 
 .text.PendSV_Handler
                0x0000000008000e40       0x48 FreeRTOS/portable/GCC/ARM_CM3/port.o
                0x0000000008000e40                PendSV_Handler
 .text.SysTick_Handler
                0x0000000008000e88       0x40 FreeRTOS/portable/GCC/ARM_CM3/port.o
                0x0000000008000e88                SysTick_Handler
 .text.vPortSetupTimerInterrupt
                0x0000000008000ec8       0x34 FreeRTOS/portable/GCC/ARM_CM3/port.o
                0x0000000008000ec8                vPortSetupTimerInterrupt
 .text.pvPortMalloc
                0x0000000008000efc      0x15c FreeRTOS/portable/MemMang/heap_4.o
                0x0000000008000efc                pvPortMalloc
 .text.vPortFree
                0x0000000008001058       0x80 FreeRTOS/portable/MemMang/heap_4.o
                0x0000000008001058                vPortFree
 .text.prvHeapInit
                0x00000000080010d8       0xc4 FreeRTOS/portable/MemMang/heap_4.o
 .text.prvInsertBlockIntoFreeList
                0x000000000800119c       0xb0 FreeRTOS/portable/MemMang/heap_4.o
 .text.EXTI0_IRQHandler
                0x000000000800124c       0x24 STM32f103_Drivers/EXTI_DRIVER.o
                0x000000000800124c                EXTI0_IRQHandler
 .text.EXTI1_IRQHandler
                0x0000000008001270       0x24 STM32f103_Drivers/EXTI_DRIVER.o
                0x0000000008001270                EXTI1_IRQHandler
 .text.EXTI2_IRQHandler
                0x0000000008001294       0x24 STM32f103_Drivers/EXTI_DRIVER.o
                0x0000000008001294                EXTI2_IRQHandler
 .text.EXTI3_IRQHandler
                0x00000000080012b8       0x24 STM32f103_Drivers/EXTI_DRIVER.o
                0x00000000080012b8                EXTI3_IRQHandler
 .text.EXTI4_IRQHandler
                0x00000000080012dc       0x24 STM32f103_Drivers/EXTI_DRIVER.o
                0x00000000080012dc                EXTI4_IRQHandler
 .text.EXTI9_5_IRQHandler
                0x0000000008001300       0xa8 STM32f103_Drivers/EXTI_DRIVER.o
                0x0000000008001300                EXTI9_5_IRQHandler
 .text.EXTI15_10_IRQHandler
                0x00000000080013a8       0x1c STM32f103_Drivers/EXTI_DRIVER.o
                0x00000000080013a8                EXTI15_10_IRQHandler
 .text.USART1_IRQHandler
                0x00000000080013c4       0x14 STM32f103_Drivers/STM32F103C6_USART_DRIVERS.o
                0x00000000080013c4                USART1_IRQHandler
 .text.USART2_IRQHandler
                0x00000000080013d8       0x14 STM32f103_Drivers/STM32F103C6_USART_DRIVERS.o
                0x00000000080013d8                USART2_IRQHandler
 .text.USART3_IRQHandler
                0x00000000080013ec       0x14 STM32f103_Drivers/STM32F103C6_USART_DRIVERS.o
                0x00000000080013ec                USART3_IRQHandler
 .text.Get_CRLH_Postion
                0x0000000008001400       0xc6 STM32f103_Drivers/STM32_F103C6_GPIO_DRIVERS.o
                0x0000000008001400                Get_CRLH_Postion
 .text.MCAL_GPIO_Init
                0x00000000080014c6       0xf6 STM32f103_Drivers/STM32_F103C6_GPIO_DRIVERS.o
                0x00000000080014c6                MCAL_GPIO_Init
 .text.MCAL_GPIO_WritePin
                0x00000000080015bc       0x3c STM32f103_Drivers/STM32_F103C6_GPIO_DRIVERS.o
                0x00000000080015bc                MCAL_GPIO_WritePin
 .text.HW_Init  0x00000000080015f8       0x2c Src/main.o
                0x00000000080015f8                HW_Init
 .text.main     0x0000000008001624       0x44 Src/main.o
                0x0000000008001624                main
 .text.vHelloBlinkingLedHandler
                0x0000000008001668       0x34 Src/main.o
                0x0000000008001668                vHelloBlinkingLedHandler
 .text.Reset_Handler
                0x000000000800169c       0x50 Startup/startup_stm32f103c6tx.o
                0x000000000800169c                Reset_Handler
 .text.Default_Handler
                0x00000000080016ec        0x2 Startup/startup_stm32f103c6tx.o
                0x00000000080016ec                TIM8_TRG_COM_IRQHandler
                0x00000000080016ec                TIM8_CC_IRQHandler
                0x00000000080016ec                DebugMon_Handler
                0x00000000080016ec                TIM1_CC_IRQHandler
                0x00000000080016ec                HardFault_Handler
                0x00000000080016ec                TIM6_IRQHandler
                0x00000000080016ec                PVD_IRQHandler
                0x00000000080016ec                SDIO_IRQHandler
                0x00000000080016ec                NMI_Handler
                0x00000000080016ec                USB_HP_CAN_TX_IRQHandler
                0x00000000080016ec                I2C2_EV_IRQHandler
                0x00000000080016ec                UsageFault_Handler
                0x00000000080016ec                ADC1_2_IRQHandler
                0x00000000080016ec                SPI1_IRQHandler
                0x00000000080016ec                CAN_SCE_IRQHandler
                0x00000000080016ec                TAMPER_IRQHandler
                0x00000000080016ec                TIM8_UP_IRQHandler
                0x00000000080016ec                DMA2_Channel2_IRQHandler
                0x00000000080016ec                DMA1_Channel4_IRQHandler
                0x00000000080016ec                RTC_IRQHandler
                0x00000000080016ec                DMA1_Channel7_IRQHandler
                0x00000000080016ec                UART5_IRQHandler
                0x00000000080016ec                ADC3_IRQHandler
                0x00000000080016ec                TIM4_IRQHandler
                0x00000000080016ec                CAN_RX1_IRQHandler
                0x00000000080016ec                DMA2_Channel1_IRQHandler
                0x00000000080016ec                I2C1_EV_IRQHandler
                0x00000000080016ec                DMA1_Channel6_IRQHandler
                0x00000000080016ec                UART4_IRQHandler
                0x00000000080016ec                TIM3_IRQHandler
                0x00000000080016ec                RCC_IRQHandler
                0x00000000080016ec                TIM1_TRG_COM_IRQHandler
                0x00000000080016ec                DMA1_Channel1_IRQHandler
                0x00000000080016ec                Default_Handler
                0x00000000080016ec                TIM7_IRQHandler
                0x00000000080016ec                TIM5_IRQHandler
                0x00000000080016ec                SPI2_IRQHandler
                0x00000000080016ec                USB_LP_CAN_RX0_IRQHandler
                0x00000000080016ec                MemManage_Handler
                0x00000000080016ec                DMA1_Channel5_IRQHandler
                0x00000000080016ec                DMA1_Channel3_IRQHandler
                0x00000000080016ec                FSMC_IRQHandler
                0x00000000080016ec                TIM1_UP_IRQHandler
                0x00000000080016ec                WWDG_IRQHandler
                0x00000000080016ec                TIM2_IRQHandler
                0x00000000080016ec                TIM1_BRK_IRQHandler
                0x00000000080016ec                RTCAlarm_IRQHandler
                0x00000000080016ec                DMA2_Channel4_5_IRQHandler
                0x00000000080016ec                I2C2_ER_IRQHandler
                0x00000000080016ec                DMA1_Channel2_IRQHandler
                0x00000000080016ec                TIM8_BRK_IRQHandler
                0x00000000080016ec                FLASH_IRQHandler
                0x00000000080016ec                BusFault_Handler
                0x00000000080016ec                SPI3_IRQHandler
                0x00000000080016ec                I2C1_ER_IRQHandler
                0x00000000080016ec                DMA2_Channel3_IRQHandler
 *fill*         0x00000000080016ee        0x2 
 .text.__libc_init_array
                0x00000000080016f0       0x48 c:/st/stm32cubeide_1.4.0/stm32cubeide/plugins/com.st.stm32cube.ide.mcu.externaltools.gnu-tools-for-stm32.7-2018-q2-update.win32_1.4.0.202007081208/tools/bin/../lib/gcc/arm-none-eabi/7.3.1/../../../../arm-none-eabi/lib/thumb/v7-m\libc_nano.a(lib_a-init.o)
                0x00000000080016f0                __libc_init_array
 .text.memset   0x0000000008001738       0x10 c:/st/stm32cubeide_1.4.0/stm32cubeide/plugins/com.st.stm32cube.ide.mcu.externaltools.gnu-tools-for-stm32.7-2018-q2-update.win32_1.4.0.202007081208/tools/bin/../lib/gcc/arm-none-eabi/7.3.1/../../../../arm-none-eabi/lib/thumb/v7-m\libc_nano.a(lib_a-memset.o)
                0x0000000008001738                memset
 *(.glue_7)
 .glue_7        0x0000000008001748        0x0 linker stubs
 *(.glue_7t)
 .glue_7t       0x0000000008001748        0x0 linker stubs
 *(.eh_frame)
 .eh_frame      0x0000000008001748        0x0 c:/st/stm32cubeide_1.4.0/stm32cubeide/plugins/com.st.stm32cube.ide.mcu.externaltools.gnu-tools-for-stm32.7-2018-q2-update.win32_1.4.0.202007081208/tools/bin/../lib/gcc/arm-none-eabi/7.3.1/thumb/v7-m/crtbegin.o
 *(.init)
 .init          0x0000000008001748        0x4 c:/st/stm32cubeide_1.4.0/stm32cubeide/plugins/com.st.stm32cube.ide.mcu.externaltools.gnu-tools-for-stm32.7-2018-q2-update.win32_1.4.0.202007081208/tools/bin/../lib/gcc/arm-none-eabi/7.3.1/thumb/v7-m/crti.o
                0x0000000008001748                _init
 .init          0x000000000800174c        0x8 c:/st/stm32cubeide_1.4.0/stm32cubeide/plugins/com.st.stm32cube.ide.mcu.externaltools.gnu-tools-for-stm32.7-2018-q2-update.win32_1.4.0.202007081208/tools/bin/../lib/gcc/arm-none-eabi/7.3.1/thumb/v7-m/crtn.o
 *(.fini)
 .fini          0x0000000008001754        0x4 c:/st/stm32cubeide_1.4.0/stm32cubeide/plugins/com.st.stm32cube.ide.mcu.externaltools.gnu-tools-for-stm32.7-2018-q2-update.win32_1.4.0.202007081208/tools/bin/../lib/gcc/arm-none-eabi/7.3.1/thumb/v7-m/crti.o
                0x0000000008001754                _fini
 .fini          0x0000000008001758        0x8 c:/st/stm32cubeide_1.4.0/stm32cubeide/plugins/com.st.stm32cube.ide.mcu.externaltools.gnu-tools-for-stm32.7-2018-q2-update.win32_1.4.0.202007081208/tools/bin/../lib/gcc/arm-none-eabi/7.3.1/thumb/v7-m/crtn.o
                0x0000000008001760                . = ALIGN (0x4)
                0x0000000008001760                _etext = .

.vfp11_veneer   0x0000000008001760        0x0
 .vfp11_veneer  0x0000000008001760        0x0 linker stubs

.v4_bx          0x0000000008001760        0x0
 .v4_bx         0x0000000008001760        0x0 linker stubs

.iplt           0x0000000008001760        0x0
 .iplt          0x0000000008001760        0x0 c:/st/stm32cubeide_1.4.0/stm32cubeide/plugins/com.st.stm32cube.ide.mcu.externaltools.gnu-tools-for-stm32.7-2018-q2-update.win32_1.4.0.202007081208/tools/bin/../lib/gcc/arm-none-eabi/7.3.1/thumb/v7-m/crtbegin.o

.rodata         0x0000000008001760       0x14
                0x0000000008001760                . = ALIGN (0x4)
 *(.rodata)
 .rodata        0x0000000008001760        0x5 FreeRTOS/tasks.o
 *fill*         0x0000000008001765        0x3 
 .rodata        0x0000000008001768        0xc Src/main.o
 *(.rodata*)
                0x0000000008001774                . = ALIGN (0x4)

.rel.dyn        0x0000000008001774        0x0
 .rel.iplt      0x0000000008001774        0x0 c:/st/stm32cubeide_1.4.0/stm32cubeide/plugins/com.st.stm32cube.ide.mcu.externaltools.gnu-tools-for-stm32.7-2018-q2-update.win32_1.4.0.202007081208/tools/bin/../lib/gcc/arm-none-eabi/7.3.1/thumb/v7-m/crtbegin.o

.ARM.extab      0x0000000008001774        0x0
                0x0000000008001774                . = ALIGN (0x4)
 *(.ARM.extab* .gnu.linkonce.armextab.*)
                0x0000000008001774                . = ALIGN (0x4)

.ARM            0x0000000008001774        0x0
                0x0000000008001774                . = ALIGN (0x4)
                0x0000000008001774                __exidx_start = .
 *(.ARM.exidx*)
                0x0000000008001774                __exidx_end = .
                0x0000000008001774                . = ALIGN (0x4)

.preinit_array  0x0000000008001774        0x0
                0x0000000008001774                . = ALIGN (0x4)
                0x0000000008001774                PROVIDE (__preinit_array_start = .)
 *(.preinit_array*)
                0x0000000008001774                PROVIDE (__preinit_array_end = .)
                0x0000000008001774                . = ALIGN (0x4)

.init_array     0x0000000008001774        0x4
                0x0000000008001774                . = ALIGN (0x4)
                0x0000000008001774                PROVIDE (__init_array_start = .)
 *(SORT_BY_NAME(.init_array.*))
 *(.init_array*)
 .init_array    0x0000000008001774        0x4 c:/st/stm32cubeide_1.4.0/stm32cubeide/plugins/com.st.stm32cube.ide.mcu.externaltools.gnu-tools-for-stm32.7-2018-q2-update.win32_1.4.0.202007081208/tools/bin/../lib/gcc/arm-none-eabi/7.3.1/thumb/v7-m/crtbegin.o
                0x0000000008001778                PROVIDE (__init_array_end = .)
                0x0000000008001778                . = ALIGN (0x4)

.fini_array     0x0000000008001778        0x4
                0x0000000008001778                . = ALIGN (0x4)
                [!provide]                        PROVIDE (__fini_array_start = .)
 *(SORT_BY_NAME(.fini_array.*))
 *(.fini_array*)
 .fini_array    0x0000000008001778        0x4 c:/st/stm32cubeide_1.4.0/stm32cubeide/plugins/com.st.stm32cube.ide.mcu.externaltools.gnu-tools-for-stm32.7-2018-q2-update.win32_1.4.0.202007081208/tools/bin/../lib/gcc/arm-none-eabi/7.3.1/thumb/v7-m/crtbegin.o
                [!provide]                        PROVIDE (__fini_array_end = .)
                0x000000000800177c                . = ALIGN (0x4)
                0x000000000800177c                _sidata = LOADADDR (.data)

.data           0x0000000020000000        0x8 load address 0x000000000800177c
                0x0000000020000000                . = ALIGN (0x4)
                0x0000000020000000                _sdata = .
 *(.data)
 *(.data*)
 .data.uxTopUsedPriority
                0x0000000020000000        0x4 FreeRTOS/tasks.o
                0x0000000020000000                uxTopUsedPriority
 .data.uxCriticalNesting
                0x0000000020000004        0x4 FreeRTOS/portable/GCC/ARM_CM3/port.o
                0x0000000020000008                . = ALIGN (0x4)
                0x0000000020000008                _edata = .

.igot.plt       0x0000000020000008        0x0 load address 0x0000000008001784
 .igot.plt      0x0000000020000008        0x0 c:/st/stm32cubeide_1.4.0/stm32cubeide/plugins/com.st.stm32cube.ide.mcu.externaltools.gnu-tools-for-stm32.7-2018-q2-update.win32_1.4.0.202007081208/tools/bin/../lib/gcc/arm-none-eabi/7.3.1/thumb/v7-m/crtbegin.o
                0x0000000020000008                . = ALIGN (0x4)

.bss            0x0000000020000008     0x21bc load address 0x0000000008001784
                0x0000000020000008                _sbss = .
                0x0000000020000008                __bss_start__ = _sbss
 *(.bss)
 .bss           0x0000000020000008       0x1c c:/st/stm32cubeide_1.4.0/stm32cubeide/plugins/com.st.stm32cube.ide.mcu.externaltools.gnu-tools-for-stm32.7-2018-q2-update.win32_1.4.0.202007081208/tools/bin/../lib/gcc/arm-none-eabi/7.3.1/thumb/v7-m/crtbegin.o
 *(.bss*)
 .bss.pxCurrentTCB
                0x0000000020000024        0x4 FreeRTOS/tasks.o
                0x0000000020000024                pxCurrentTCB
 .bss.pxReadyTasksLists
                0x0000000020000028       0x64 FreeRTOS/tasks.o
 .bss.xDelayedTaskList1
                0x000000002000008c       0x14 FreeRTOS/tasks.o
 .bss.xDelayedTaskList2
                0x00000000200000a0       0x14 FreeRTOS/tasks.o
 .bss.pxDelayedTaskList
                0x00000000200000b4        0x4 FreeRTOS/tasks.o
 .bss.pxOverflowDelayedTaskList
                0x00000000200000b8        0x4 FreeRTOS/tasks.o
 .bss.xPendingReadyList
                0x00000000200000bc       0x14 FreeRTOS/tasks.o
 .bss.xTasksWaitingTermination
                0x00000000200000d0       0x14 FreeRTOS/tasks.o
 .bss.uxDeletedTasksWaitingCleanUp
                0x00000000200000e4        0x4 FreeRTOS/tasks.o
 .bss.xSuspendedTaskList
                0x00000000200000e8       0x14 FreeRTOS/tasks.o
 .bss.uxCurrentNumberOfTasks
                0x00000000200000fc        0x4 FreeRTOS/tasks.o
 .bss.xTickCount
                0x0000000020000100        0x4 FreeRTOS/tasks.o
 .bss.uxTopReadyPriority
                0x0000000020000104        0x4 FreeRTOS/tasks.o
 .bss.xSchedulerRunning
                0x0000000020000108        0x4 FreeRTOS/tasks.o
 .bss.xPendedTicks
                0x000000002000010c        0x4 FreeRTOS/tasks.o
 .bss.xYieldPending
                0x0000000020000110        0x4 FreeRTOS/tasks.o
 .bss.xNumOfOverflows
                0x0000000020000114        0x4 FreeRTOS/tasks.o
 .bss.uxTaskNumber
                0x0000000020000118        0x4 FreeRTOS/tasks.o
 .bss.xNextTaskUnblockTime
                0x000000002000011c        0x4 FreeRTOS/tasks.o
 .bss.xIdleTaskHandle
                0x0000000020000120        0x4 FreeRTOS/tasks.o
 .bss.uxSchedulerSuspended
                0x0000000020000124        0x4 FreeRTOS/tasks.o
 .bss.ucHeap    0x0000000020000128     0x2000 FreeRTOS/portable/MemMang/heap_4.o
 .bss.xStart    0x0000000020002128        0x8 FreeRTOS/portable/MemMang/heap_4.o
 .bss.pxEnd     0x0000000020002130        0x4 FreeRTOS/portable/MemMang/heap_4.o
 .bss.xFreeBytesRemaining
                0x0000000020002134        0x4 FreeRTOS/portable/MemMang/heap_4.o
 .bss.xMinimumEverFreeBytesRemaining
                0x0000000020002138        0x4 FreeRTOS/portable/MemMang/heap_4.o
 .bss.xNumberOfSuccessfulAllocations
                0x000000002000213c        0x4 FreeRTOS/portable/MemMang/heap_4.o
 .bss.xNumberOfSuccessfulFrees
                0x0000000020002140        0x4 FreeRTOS/portable/MemMang/heap_4.o
 .bss.xBlockAllocatedBit
                0x0000000020002144        0x4 FreeRTOS/portable/MemMang/heap_4.o
 .bss.vHelloBlinkingLed
                0x0000000020002148        0x4 Src/main.o
                0x0000000020002148                vHelloBlinkingLed
 *(COMMON)
 COMMON         0x000000002000214c       0x3c STM32f103_Drivers/EXTI_DRIVER.o
                0x000000002000214c                GP_IRQ_CALLBACK
 COMMON         0x0000000020002188       0x3c STM32f103_Drivers/STM32F103C6_USART_DRIVERS.o
                0x0000000020002188                Global_UART_Config
                0x00000000200021c4                . = ALIGN (0x4)
                0x00000000200021c4                _ebss = .
                0x00000000200021c4                __bss_end__ = _ebss

._user_heap_stack
                0x00000000200021c4      0x604 load address 0x0000000008001784
                0x00000000200021c8                . = ALIGN (0x8)
 *fill*         0x00000000200021c4        0x4 
                [!provide]                        PROVIDE (end = .)
                0x00000000200021c8                PROVIDE (_end = .)
                0x00000000200023c8                . = (. + _Min_Heap_Size)
 *fill*         0x00000000200021c8      0x200 
                0x00000000200027c8                . = (. + _Min_Stack_Size)
 *fill*         0x00000000200023c8      0x400 
                0x00000000200027c8                . = ALIGN (0x8)

/DISCARD/
 libc.a(*)
 libm.a(*)
 libgcc.a(*)

.ARM.attributes
                0x0000000000000000       0x29
 *(.ARM.attributes)
 .ARM.attributes
                0x0000000000000000       0x1d c:/st/stm32cubeide_1.4.0/stm32cubeide/plugins/com.st.stm32cube.ide.mcu.externaltools.gnu-tools-for-stm32.7-2018-q2-update.win32_1.4.0.202007081208/tools/bin/../lib/gcc/arm-none-eabi/7.3.1/thumb/v7-m/crti.o
 .ARM.attributes
                0x000000000000001d       0x2d c:/st/stm32cubeide_1.4.0/stm32cubeide/plugins/com.st.stm32cube.ide.mcu.externaltools.gnu-tools-for-stm32.7-2018-q2-update.win32_1.4.0.202007081208/tools/bin/../lib/gcc/arm-none-eabi/7.3.1/thumb/v7-m/crtbegin.o
 .ARM.attributes
                0x000000000000004a       0x33 FreeRTOS/list.o
 .ARM.attributes
                0x000000000000007d       0x33 FreeRTOS/tasks.o
 .ARM.attributes
                0x00000000000000b0       0x33 FreeRTOS/portable/GCC/ARM_CM3/port.o
 .ARM.attributes
                0x00000000000000e3       0x33 FreeRTOS/portable/MemMang/heap_4.o
 .ARM.attributes
                0x0000000000000116       0x33 STM32f103_Drivers/EXTI_DRIVER.o
 .ARM.attributes
                0x0000000000000149       0x33 STM32f103_Drivers/STM32F103C6_USART_DRIVERS.o
 .ARM.attributes
                0x000000000000017c       0x33 STM32f103_Drivers/STM32_F103C6_GPIO_DRIVERS.o
 .ARM.attributes
                0x00000000000001af       0x33 Src/main.o
 .ARM.attributes
                0x00000000000001e2       0x21 Startup/startup_stm32f103c6tx.o
 .ARM.attributes
                0x0000000000000203       0x2d c:/st/stm32cubeide_1.4.0/stm32cubeide/plugins/com.st.stm32cube.ide.mcu.externaltools.gnu-tools-for-stm32.7-2018-q2-update.win32_1.4.0.202007081208/tools/bin/../lib/gcc/arm-none-eabi/7.3.1/../../../../arm-none-eabi/lib/thumb/v7-m\libc_nano.a(lib_a-init.o)
 .ARM.attributes
                0x0000000000000230       0x2d c:/st/stm32cubeide_1.4.0/stm32cubeide/plugins/com.st.stm32cube.ide.mcu.externaltools.gnu-tools-for-stm32.7-2018-q2-update.win32_1.4.0.202007081208/tools/bin/../lib/gcc/arm-none-eabi/7.3.1/../../../../arm-none-eabi/lib/thumb/v7-m\libc_nano.a(lib_a-memset.o)
 .ARM.attributes
                0x000000000000025d       0x1d c:/st/stm32cubeide_1.4.0/stm32cubeide/plugins/com.st.stm32cube.ide.mcu.externaltools.gnu-tools-for-stm32.7-2018-q2-update.win32_1.4.0.202007081208/tools/bin/../lib/gcc/arm-none-eabi/7.3.1/thumb/v7-m/crtn.o
OUTPUT(Session1_Blinking_Led.elf elf32-littlearm)

.debug_info     0x0000000000000000     0x6a68
 .debug_info    0x0000000000000000      0xac0 FreeRTOS/list.o
 .debug_info    0x0000000000000ac0     0x201c FreeRTOS/tasks.o
 .debug_info    0x0000000000002adc      0x2df FreeRTOS/portable/GCC/ARM_CM3/port.o
 .debug_info    0x0000000000002dbb      0xc0f FreeRTOS/portable/MemMang/heap_4.o
 .debug_info    0x00000000000039ca      0xc59 STM32f103_Drivers/EXTI_DRIVER.o
 .debug_info    0x0000000000004623      0xd1a STM32f103_Drivers/STM32F103C6_USART_DRIVERS.o
 .debug_info    0x000000000000533d      0xc6b STM32f103_Drivers/STM32_F103C6_GPIO_DRIVERS.o
 .debug_info    0x0000000000005fa8      0xa9e Src/main.o
 .debug_info    0x0000000000006a46       0x22 Startup/startup_stm32f103c6tx.o

.debug_abbrev   0x0000000000000000     0x11ef
 .debug_abbrev  0x0000000000000000      0x1cf FreeRTOS/list.o
 .debug_abbrev  0x00000000000001cf      0x336 FreeRTOS/tasks.o
 .debug_abbrev  0x0000000000000505      0x1cb FreeRTOS/portable/GCC/ARM_CM3/port.o
 .debug_abbrev  0x00000000000006d0      0x23d FreeRTOS/portable/MemMang/heap_4.o
 .debug_abbrev  0x000000000000090d      0x235 STM32f103_Drivers/EXTI_DRIVER.o
 .debug_abbrev  0x0000000000000b42      0x28d STM32f103_Drivers/STM32F103C6_USART_DRIVERS.o
 .debug_abbrev  0x0000000000000dcf      0x230 STM32f103_Drivers/STM32_F103C6_GPIO_DRIVERS.o
 .debug_abbrev  0x0000000000000fff      0x1de Src/main.o
 .debug_abbrev  0x00000000000011dd       0x12 Startup/startup_stm32f103c6tx.o

.debug_aranges  0x0000000000000000      0x438
 .debug_aranges
                0x0000000000000000       0x40 FreeRTOS/list.o
 .debug_aranges
                0x0000000000000040      0x188 FreeRTOS/tasks.o
 .debug_aranges
                0x00000000000001c8       0x70 FreeRTOS/portable/GCC/ARM_CM3/port.o
 .debug_aranges
                0x0000000000000238       0x58 FreeRTOS/portable/MemMang/heap_4.o
 .debug_aranges
                0x0000000000000290       0x80 STM32f103_Drivers/EXTI_DRIVER.o
 .debug_aranges
                0x0000000000000310       0x68 STM32f103_Drivers/STM32F103C6_USART_DRIVERS.o
 .debug_aranges
                0x0000000000000378       0x68 STM32f103_Drivers/STM32_F103C6_GPIO_DRIVERS.o
 .debug_aranges
                0x00000000000003e0       0x30 Src/main.o
 .debug_aranges
                0x0000000000000410       0x28 Startup/startup_stm32f103c6tx.o

.debug_ranges   0x0000000000000000      0x3b0
 .debug_ranges  0x0000000000000000       0x30 FreeRTOS/list.o
 .debug_ranges  0x0000000000000030      0x178 FreeRTOS/tasks.o
 .debug_ranges  0x00000000000001a8       0x60 FreeRTOS/portable/GCC/ARM_CM3/port.o
 .debug_ranges  0x0000000000000208       0x48 FreeRTOS/portable/MemMang/heap_4.o
 .debug_ranges  0x0000000000000250       0x70 STM32f103_Drivers/EXTI_DRIVER.o
 .debug_ranges  0x00000000000002c0       0x58 STM32f103_Drivers/STM32F103C6_USART_DRIVERS.o
 .debug_ranges  0x0000000000000318       0x58 STM32f103_Drivers/STM32_F103C6_GPIO_DRIVERS.o
 .debug_ranges  0x0000000000000370       0x20 Src/main.o
 .debug_ranges  0x0000000000000390       0x20 Startup/startup_stm32f103c6tx.o

.debug_macro    0x0000000000000000     0x1828
 .debug_macro   0x0000000000000000      0x18b FreeRTOS/list.o
 .debug_macro   0x000000000000018b      0x271 FreeRTOS/tasks.o
 .debug_macro   0x00000000000003fc       0x10 FreeRTOS/tasks.o
 .debug_macro   0x000000000000040c      0x177 FreeRTOS/portable/GCC/ARM_CM3/port.o
 .debug_macro   0x0000000000000583      0x1a6 FreeRTOS/portable/MemMang/heap_4.o
 .debug_macro   0x0000000000000729      0x158 STM32f103_Drivers/EXTI_DRIVER.o
 .debug_macro   0x0000000000000881      0x6aa STM32f103_Drivers/EXTI_DRIVER.o
 .debug_macro   0x0000000000000f2b       0xd0 STM32f103_Drivers/EXTI_DRIVER.o
 .debug_macro   0x0000000000000ffb      0x223 STM32f103_Drivers/EXTI_DRIVER.o
 .debug_macro   0x000000000000121e      0x151 STM32f103_Drivers/STM32F103C6_USART_DRIVERS.o
 .debug_macro   0x000000000000136f       0xd6 STM32f103_Drivers/STM32F103C6_USART_DRIVERS.o
 .debug_macro   0x0000000000001445       0x10 STM32f103_Drivers/STM32F103C6_USART_DRIVERS.o
 .debug_macro   0x0000000000001455       0xe2 STM32f103_Drivers/STM32F103C6_USART_DRIVERS.o
 .debug_macro   0x0000000000001537      0x13f STM32f103_Drivers/STM32_F103C6_GPIO_DRIVERS.o
 .debug_macro   0x0000000000001676      0x1b2 Src/main.o

.debug_line     0x0000000000000000     0x3ced
 .debug_line    0x0000000000000000      0x647 FreeRTOS/list.o
 .debug_line    0x0000000000000647      0xe60 FreeRTOS/tasks.o
 .debug_line    0x00000000000014a7      0x5c2 FreeRTOS/portable/GCC/ARM_CM3/port.o
 .debug_line    0x0000000000001a69      0x709 FreeRTOS/portable/MemMang/heap_4.o
 .debug_line    0x0000000000002172      0x6e4 STM32f103_Drivers/EXTI_DRIVER.o
 .debug_line    0x0000000000002856      0x711 STM32f103_Drivers/STM32F103C6_USART_DRIVERS.o
 .debug_line    0x0000000000002f67      0x67c STM32f103_Drivers/STM32_F103C6_GPIO_DRIVERS.o
 .debug_line    0x00000000000035e3      0x686 Src/main.o
 .debug_line    0x0000000000003c69       0x84 Startup/startup_stm32f103c6tx.o

.debug_str      0x0000000000000000    0x124dd
 .debug_str     0x0000000000000000     0xa9b6 FreeRTOS/list.o
                                       0xac35 (size before relaxing)
 .debug_str     0x000000000000a9b6     0x2c65 FreeRTOS/tasks.o
                                       0xd895 (size before relaxing)
 .debug_str     0x000000000000d61b      0x5fc FreeRTOS/portable/GCC/ARM_CM3/port.o
                                       0x938b (size before relaxing)
 .debug_str     0x000000000000dc17      0x30e FreeRTOS/portable/MemMang/heap_4.o
                                       0xc090 (size before relaxing)
 .debug_str     0x000000000000df25     0x3b25 STM32f103_Drivers/EXTI_DRIVER.o
                                       0xaa5d (size before relaxing)
 .debug_str     0x0000000000011a4a      0x8cf STM32f103_Drivers/STM32F103C6_USART_DRIVERS.o
                                       0x9de4 (size before relaxing)
 .debug_str     0x0000000000012319      0x13e STM32f103_Drivers/STM32_F103C6_GPIO_DRIVERS.o
                                       0x969d (size before relaxing)
 .debug_str     0x0000000000012457       0x55 Src/main.o
                                       0xe3a9 (size before relaxing)
 .debug_str     0x00000000000124ac       0x31 Startup/startup_stm32f103c6tx.o
                                         0x5c (size before relaxing)

.comment        0x0000000000000000       0x7b
 .comment       0x0000000000000000       0x7b FreeRTOS/list.o
                                         0x7c (size before relaxing)
 .comment       0x000000000000007b       0x7c FreeRTOS/tasks.o
 .comment       0x000000000000007b       0x7c FreeRTOS/portable/GCC/ARM_CM3/port.o
 .comment       0x000000000000007b       0x7c FreeRTOS/portable/MemMang/heap_4.o
 .comment       0x000000000000007b       0x7c STM32f103_Drivers/EXTI_DRIVER.o
 .comment       0x000000000000007b       0x7c STM32f103_Drivers/STM32F103C6_USART_DRIVERS.o
 .comment       0x000000000000007b       0x7c STM32f103_Drivers/STM32_F103C6_GPIO_DRIVERS.o
 .comment       0x000000000000007b       0x7c Src/main.o

.debug_frame    0x0000000000000000      0xf8c
 .debug_frame   0x0000000000000000       0xd8 FreeRTOS/list.o
 .debug_frame   0x00000000000000d8      0x6a4 FreeRTOS/tasks.o
 .debug_frame   0x000000000000077c      0x160 FreeRTOS/portable/GCC/ARM_CM3/port.o
 .debug_frame   0x00000000000008dc      0x12c FreeRTOS/portable/MemMang/heap_4.o
 .debug_frame   0x0000000000000a08      0x1b4 STM32f103_Drivers/EXTI_DRIVER.o
 .debug_frame   0x0000000000000bbc      0x170 STM32f103_Drivers/STM32F103C6_USART_DRIVERS.o
 .debug_frame   0x0000000000000d2c      0x1a0 STM32f103_Drivers/STM32_F103C6_GPIO_DRIVERS.o
 .debug_frame   0x0000000000000ecc       0x74 Src/main.o
 .debug_frame   0x0000000000000f40       0x2c c:/st/stm32cubeide_1.4.0/stm32cubeide/plugins/com.st.stm32cube.ide.mcu.externaltools.gnu-tools-for-stm32.7-2018-q2-update.win32_1.4.0.202007081208/tools/bin/../lib/gcc/arm-none-eabi/7.3.1/../../../../arm-none-eabi/lib/thumb/v7-m\libc_nano.a(lib_a-init.o)
 .debug_frame   0x0000000000000f6c       0x20 c:/st/stm32cubeide_1.4.0/stm32cubeide/plugins/com.st.stm32cube.ide.mcu.externaltools.gnu-tools-for-stm32.7-2018-q2-update.win32_1.4.0.202007081208/tools/bin/../lib/gcc/arm-none-eabi/7.3.1/../../../../arm-none-eabi/lib/thumb/v7-m\libc_nano.a(lib_a-memset.o)
